cargo : warning: unused import: `AtomicU64`
At line:1 char:114
+ ...  Studio COde\Project\unified-trading-engine"; cargo test 2>&1 | Out-F ...
+                                                   ~~~~~~~~~~~~~~~
    + CategoryInfo          : NotSpecified: (warning: unused import: `AtomicU64`:String) [], RemoteException
    + FullyQualifiedErrorId : NativeCommandError
 
 --> crates\core\src\system_state.rs:1:37
  |
1 | use std::sync::atomic::{AtomicBool, AtomicU64, Ordering};
  |                                     ^^^^^^^^^
  |
  = note: `#[warn(unused_imports)]` (part of `#[warn(unused)]`) on by default

warning: unused import: `parking_lot::RwLock`
 --> crates\core\src\system_state.rs:4:5
  |
4 | use parking_lot::RwLock;
  |     ^^^^^^^^^^^^^^^^^^^

warning: unused import: `File`
 --> crates\core\src\journal.rs:1:15
  |
1 | use std::fs::{File, OpenOptions};
  |               ^^^^

warning: unused import: `CommandChannel`
  --> crates\core\src\api.rs:13:30
   |
13 | use crate::command_channel::{CommandChannel, ControlCommand};
   |                              ^^^^^^^^^^^^^^

warning: unused import: `futures_util::SinkExt`
  --> crates\core\src\ws.rs:10:5
   |
10 | use futures_util::SinkExt;
   |     ^^^^^^^^^^^^^^^^^^^^^

warning: unused variable: `now`
  --> crates\core\src\heartbeat.rs:16:13
   |
16 |         let now = Instant::now()
   |             ^^^ help: if this is intentional, prefix it with an underscore: `_now`
   |
   = note: `#[warn(unused_variables)]` (part of `#[warn(unused)]`) on by default

warning: `unified-trading-core` (lib) generated 6 warnings (run `cargo fix --lib -p unified-trading-core` to apply 5 
suggestions)
warning: field `symbol` is never read
  --> crates\market-data\src\normalizer.rs:47:5
   |
46 | pub struct Normalizer {
   |            ---------- field in this struct
47 |     symbol: String,
   |     ^^^^^^
   |
   = note: `#[warn(dead_code)]` (part of `#[warn(unused)]`) on by default

warning: field `alerts` is never read
   --> crates\market-data\src\normalizer.rs:105:5
    |
100 | pub struct FeedMonitor {
    |            ----------- field in this struct
...
105 |     alerts: Vec<FeedAlert>,
    |     ^^^^^^

warning: unused import: `bounded`
 --> crates\risk\src\risk_coordinator.rs:1:25
  |
1 | use crossbeam_channel::{bounded, Receiver, Sender};
  |                         ^^^^^^^
  |
  = note: `#[warn(unused_imports)]` (part of `#[warn(unused)]`) on by default

warning: unused import: `crate::portfolio_manager::PortfolioManager`
  --> crates\risk\src\risk_coordinator.rs:11:5
   |
11 | use crate::portfolio_manager::PortfolioManager;
   |     ^^^^^^^^^^^^^^^^^^^^^^^^^^^^^^^^^^^^^^^^^^

warning: unused imports: `SystemTime` and `UNIX_EPOCH`
 --> crates\risk\src\portfolio_manager.rs:3:17
  |
3 | use std::time::{SystemTime, UNIX_EPOCH};
  |                 ^^^^^^^^^^  ^^^^^^^^^^

warning: `market-data` (lib) generated 2 warnings
warning: `risk` (lib) generated 3 warnings (run `cargo fix --lib -p risk` to apply 3 suggestions)
warning: unused import: `bounded`
 --> crates\execution\src\execution_manager.rs:1:25
  |
1 | use crossbeam_channel::{bounded, Receiver, Sender};
  |                         ^^^^^^^
  |
  = note: `#[warn(unused_imports)]` (part of `#[warn(unused)]`) on by default

warning: unused variable: `per_symbol_rate`
  --> crates\execution\src\rate_limiter.rs:56:34
   |
56 |     pub fn new(global_rate: f64, per_symbol_rate: f64) -> Self {
   |                                  ^^^^^^^^^^^^^^^ help: if this is intentional, prefix it with an underscore: 
`_per_symbol_rate`
   |
   = note: `#[warn(unused_variables)]` (part of `#[warn(unused)]`) on by default

warning: `execution` (lib) generated 2 warnings (run `cargo fix --lib -p execution` to apply 2 suggestions)
warning: `execution` (lib test) generated 1 warning (1 duplicate)
warning: unused import: `crate::portfolio_manager::PortfolioManager`
  --> crates\risk\src\risk_coordinator.rs:11:5
   |
11 | use crate::portfolio_manager::PortfolioManager;
   |     ^^^^^^^^^^^^^^^^^^^^^^^^^^^^^^^^^^^^^^^^^^
   |
   = note: `#[warn(unused_imports)]` (part of `#[warn(unused)]`) on by default

warning: `market-data` (lib test) generated 2 warnings (2 duplicates)
warning: `risk` (lib test) generated 2 warnings (1 duplicate) (run `cargo fix --lib -p risk --tests` to apply 1 
suggestion)
warning: unused variable: `wm`
  --> crates\feature\src\computers.rs:13:20
   |
13 |     pub fn compute(wm: &WindowManager, tick: &NormalizedTick) -> (f32, f32, f32) {
   |                    ^^ help: if this is intentional, prefix it with an underscore: `_wm`
   |
   = note: `#[warn(unused_variables)]` (part of `#[warn(unused)]`) on by default

warning: unused variable: `std_dev`
  --> crates\feature\src\computers.rs:59:50
   |
59 |     pub fn compute(wm: &WindowManager, atr: f32, std_dev: f32, macd_histogram: f32) -> (RegimeLabel, f32) {
   |                                                  ^^^^^^^ help: if this is intentional, prefix it with an 
underscore: `_std_dev`

warning: unused variable: `strength`
   --> crates\feature\src\computers.rs:268:22
    |
268 |         let (regime, strength) = RegimeComputer::compute(&wm, 0.001, 0.001, 0.01);
    |                      ^^^^^^^^ help: if this is intentional, prefix it with an underscore: `_strength`

   Compiling unified-trading-core v0.1.0 (C:\Users\Magnesium\Documents\Trading\Event driven System\Visual Studio 
COde\Project\unified-trading-engine\crates\core)
warning: `feature` (lib) generated 2 warnings (run `cargo fix --lib -p feature` to apply 2 suggestions)
warning: `feature` (lib test) generated 3 warnings (2 duplicates) (run `cargo fix --lib -p feature --tests` to apply 1 
suggestion)
warning: unused variable: `mid_price`
  --> crates\model\src\inference.rs:22:13
   |
22 |         let mid_price = features.get("mid_price").unwrap_or(0.0) as f32;
   |             ^^^^^^^^^ help: if this is intentional, prefix it with an underscore: `_mid_price`
   |
   = note: `#[warn(unused_variables)]` (part of `#[warn(unused)]`) on by default

warning: `model` (lib) generated 1 warning (run `cargo fix --lib -p model` to apply 1 suggestion)
warning: `model` (lib test) generated 1 warning (1 duplicate)
warning: unused import: `feature::FeatureVector`
 --> crates\strategy\src\strategy_engine.rs:5:5
  |
5 | use feature::FeatureVector;
  |     ^^^^^^^^^^^^^^^^^^^^^^
  |
  = note: `#[warn(unused_imports)]` (part of `#[warn(unused)]`) on by default

warning: method `check_cooldown` is never used
   --> crates\strategy\src\strategy_engine.rs:253:8
    |
112 | impl StrategyEngine {
    | ------------------- method in this implementation
...
253 |     fn check_cooldown(&self, intent: &TradeIntent) -> bool {
    |        ^^^^^^^^^^^^^^
    |
    = note: `#[warn(dead_code)]` (part of `#[warn(unused)]`) on by default

warning: `strategy` (lib) generated 2 warnings (run `cargo fix --lib -p strategy` to apply 1 suggestion)
warning: `strategy` (lib test) generated 2 warnings (2 duplicates)
warning: unused import: `JournalEntry`
 --> crates\engine\src\engine.rs:9:52
  |
9 | use unified_trading_core::journal::{JournalWriter, JournalEntry};
  |                                                    ^^^^^^^^^^^^
  |
  = note: `#[warn(unused_imports)]` (part of `#[warn(unused)]`) on by default

warning: `unified-trading-engine` (lib) generated 1 warning (run `cargo fix --lib -p unified-trading-engine` to apply 
1 suggestion)
warning: `unified-trading-engine` (lib test) generated 1 warning (1 duplicate)
error[E0432]: unresolved import `tower::ServiceExt`
   --> crates\core\src\api.rs:124:9
    |
124 |     use tower::ServiceExt;
    |         ^^^^^^^^^^^^^^^^^ no `ServiceExt` in the root
    |
note: found an item that was configured out
   --> C:\Users\Magnesium\.cargo\registry\src\index.crates.io-1949cf8c6b5b557f\tower-0.4.13\src\lib.rs:223:34
    |
220 | #[cfg(feature = "util")]
    |       ---------------- the item is gated behind the `util` feature
...
223 | pub use self::util::{service_fn, ServiceExt};
    |                                  ^^^^^^^^^^
help: a similar name exists in the module
    |
124 -     use tower::ServiceExt;
124 +     use tower::Service;
    |

error[E0599]: no method named `oneshot` found for struct `Router<S>` in the current scope
   --> crates\core\src\api.rs:140:14
    |
139 |           let response = app
    |  ________________________-
140 | |             .oneshot(
    | |_____________-^^^^^^^
    |
   ::: C:\Users\Magnesium\.cargo\registry\src\index.crates.io-1949cf8c6b5b557f\tower-0.5.3\src\util\mod.rs:89:8
    |
 89 |       fn oneshot(self, req: Request) -> Oneshot<Self, Request>
    |          ------- the method is available for `Router` here
    |
    = help: items from traits can only be used if the trait is in scope
help: there is a method `nest` with a similar name, but with different arguments
   --> C:\Users\Magnesium\.cargo\registry\src\index.crates.io-1949cf8c6b5b557f\axum-0.7.9\src\routing\mod.rs:195:5
    |
195 |     pub fn nest(self, path: &str, router: Router<S>) -> Self {
    |     ^^^^^^^^^^^^^^^^^^^^^^^^^^^^^^^^^^^^^^^^^^^^^^^^^^^^^^^^
help: trait `ServiceExt` which provides `oneshot` is implemented but not in scope; perhaps you want to import it
    |
121 +     use tower::util::ServiceExt;
    |

error[E0599]: no method named `oneshot` found for struct `Router<S>` in the current scope
   --> crates\core\src\api.rs:167:14
    |
166 |           let response = app
    |  ________________________-
167 | |             .oneshot(
    | |_____________-^^^^^^^
    |
   ::: C:\Users\Magnesium\.cargo\registry\src\index.crates.io-1949cf8c6b5b557f\tower-0.5.3\src\util\mod.rs:89:8
    |
 89 |       fn oneshot(self, req: Request) -> Oneshot<Self, Request>
    |          ------- the method is available for `Router` here
    |
    = help: items from traits can only be used if the trait is in scope
help: there is a method `nest` with a similar name, but with different arguments
   --> C:\Users\Magnesium\.cargo\registry\src\index.crates.io-1949cf8c6b5b557f\axum-0.7.9\src\routing\mod.rs:195:5
    |
195 |     pub fn nest(self, path: &str, router: Router<S>) -> Self {
    |     ^^^^^^^^^^^^^^^^^^^^^^^^^^^^^^^^^^^^^^^^^^^^^^^^^^^^^^^^
help: trait `ServiceExt` which provides `oneshot` is implemented but not in scope; perhaps you want to import it
    |
121 +     use tower::util::ServiceExt;
    |

error[E0599]: no method named `oneshot` found for struct `Router<S>` in the current scope
   --> crates\core\src\api.rs:193:14
    |
192 |           let response = app
    |  ________________________-
193 | |             .oneshot(
    | |_____________-^^^^^^^
    |
   ::: C:\Users\Magnesium\.cargo\registry\src\index.crates.io-1949cf8c6b5b557f\tower-0.5.3\src\util\mod.rs:89:8
    |
 89 |       fn oneshot(self, req: Request) -> Oneshot<Self, Request>
    |          ------- the method is available for `Router` here
    |
    = help: items from traits can only be used if the trait is in scope
help: there is a method `nest` with a similar name, but with different arguments
   --> C:\Users\Magnesium\.cargo\registry\src\index.crates.io-1949cf8c6b5b557f\axum-0.7.9\src\routing\mod.rs:195:5
    |
195 |     pub fn nest(self, path: &str, router: Router<S>) -> Self {
    |     ^^^^^^^^^^^^^^^^^^^^^^^^^^^^^^^^^^^^^^^^^^^^^^^^^^^^^^^^
help: trait `ServiceExt` which provides `oneshot` is implemented but not in scope; perhaps you want to import it
    |
121 +     use tower::util::ServiceExt;
    |

error[E0599]: no method named `oneshot` found for struct `Router<S>` in the current scope
   --> crates\core\src\api.rs:220:14
    |
219 |           let response = app
    |  ________________________-
220 | |             .oneshot(
    | |_____________-^^^^^^^
    |
   ::: C:\Users\Magnesium\.cargo\registry\src\index.crates.io-1949cf8c6b5b557f\tower-0.5.3\src\util\mod.rs:89:8
    |
 89 |       fn oneshot(self, req: Request) -> Oneshot<Self, Request>
    |          ------- the method is available for `Router` here
    |
    = help: items from traits can only be used if the trait is in scope
help: there is a method `nest` with a similar name, but with different arguments
   --> C:\Users\Magnesium\.cargo\registry\src\index.crates.io-1949cf8c6b5b557f\axum-0.7.9\src\routing\mod.rs:195:5
    |
195 |     pub fn nest(self, path: &str, router: Router<S>) -> Self {
    |     ^^^^^^^^^^^^^^^^^^^^^^^^^^^^^^^^^^^^^^^^^^^^^^^^^^^^^^^^
help: trait `ServiceExt` which provides `oneshot` is implemented but not in scope; perhaps you want to import it
    |
121 +     use tower::util::ServiceExt;
    |

error[E0599]: no method named `oneshot` found for struct `Router<S>` in the current scope
   --> crates\core\src\api.rs:250:14
    |
249 |           let response = app
    |  ________________________-
250 | |             .oneshot(
    | |_____________-^^^^^^^
    |
   ::: C:\Users\Magnesium\.cargo\registry\src\index.crates.io-1949cf8c6b5b557f\tower-0.5.3\src\util\mod.rs:89:8
    |
 89 |       fn oneshot(self, req: Request) -> Oneshot<Self, Request>
    |          ------- the method is available for `Router` here
    |
    = help: items from traits can only be used if the trait is in scope
help: there is a method `nest` with a similar name, but with different arguments
   --> C:\Users\Magnesium\.cargo\registry\src\index.crates.io-1949cf8c6b5b557f\axum-0.7.9\src\routing\mod.rs:195:5
    |
195 |     pub fn nest(self, path: &str, router: Router<S>) -> Self {
    |     ^^^^^^^^^^^^^^^^^^^^^^^^^^^^^^^^^^^^^^^^^^^^^^^^^^^^^^^^
help: trait `ServiceExt` which provides `oneshot` is implemented but not in scope; perhaps you want to import it
    |
121 +     use tower::util::ServiceExt;
    |

error[E0599]: no method named `oneshot` found for struct `Router<S>` in the current scope
   --> crates\core\src\api.rs:276:14
    |
275 |           let response = app
    |  ________________________-
276 | |             .oneshot(
    | |_____________-^^^^^^^
    |
   ::: C:\Users\Magnesium\.cargo\registry\src\index.crates.io-1949cf8c6b5b557f\tower-0.5.3\src\util\mod.rs:89:8
    |
 89 |       fn oneshot(self, req: Request) -> Oneshot<Self, Request>
    |          ------- the method is available for `Router` here
    |
    = help: items from traits can only be used if the trait is in scope
help: there is a method `nest` with a similar name, but with different arguments
   --> C:\Users\Magnesium\.cargo\registry\src\index.crates.io-1949cf8c6b5b557f\axum-0.7.9\src\routing\mod.rs:195:5
    |
195 |     pub fn nest(self, path: &str, router: Router<S>) -> Self {
    |     ^^^^^^^^^^^^^^^^^^^^^^^^^^^^^^^^^^^^^^^^^^^^^^^^^^^^^^^^
help: trait `ServiceExt` which provides `oneshot` is implemented but not in scope; perhaps you want to import it
    |
121 +     use tower::util::ServiceExt;
    |

Some errors have detailed explanations: E0432, E0599.
For more information about an error, try `rustc --explain E0432`.
warning: `unified-trading-core` (lib test) generated 6 warnings (6 duplicates)
error: could not compile `unified-trading-core` (lib test) due to 7 previous errors; 6 warnings emitted
